
> stock-strategy-frontend@0.1.0 dev
> vite --host 127.0.0.1 --host 0.0.0.0 --port 19198


  VITE v7.3.3  ready in 197 ms

  ➜  Local:   http://localhost:19198/
  ➜  Network: http://192.168.1.3:19198/
8:43:18 PM [vite] (client) hmr update /src/App.tsx
8:47:25 PM [vite] (client) hmr update /src/App.tsx
8:47:46 PM [vite] (client) hmr update /src/App.tsx
8:48:07 PM [vite] (client) hmr update /src/App.tsx
8:48:07 PM [vite] Internal server error: /Users/agoxq/Documents/Project/PythonProject/StockStrategyAnalyseTools/frontend/src/App.tsx: 'return' outside of function. (879:4)

  877 |
  878 |   if (!token || !user) {
> 879 |     return (
      |     ^
  880 |       <AuthView
  881 |         onAuthed={(nextToken, nextUser) => {
  882 |           setToken(nextToken);
  Plugin: vite:react-babel
  File: /Users/agoxq/Documents/Project/PythonProject/StockStrategyAnalyseTools/frontend/src/App.tsx:879:4
  877 |  
  878 |    if (!token || !user) {
  879 |      return (
      |      ^
  880 |        <AuthView
  881 |          onAuthed={(nextToken, nextUser) => {
      at constructor (/Users/agoxq/Documents/Project/PythonProject/StockStrategyAnalyseTools/frontend/node_modules/@babel/parser/lib/index.js:365:19)
      at TypeScriptParserMixin.raise (/Users/agoxq/Documents/Project/PythonProject/StockStrategyAnalyseTools/frontend/node_modules/@babel/parser/lib/index.js:6616:19)
      at TypeScriptParserMixin.parseReturnStatement (/Users/agoxq/Documents/Project/PythonProject/StockStrategyAnalyseTools/frontend/node_modules/@babel/parser/lib/index.js:13153:12)
      at TypeScriptParserMixin.parseStatementContent (/Users/agoxq/Documents/Project/PythonProject/StockStrategyAnalyseTools/frontend/node_modules/@babel/parser/lib/index.js:12815:21)
      at TypeScriptParserMixin.parseStatementContent (/Users/agoxq/Documents/Project/PythonProject/StockStrategyAnalyseTools/frontend/node_modules/@babel/parser/lib/index.js:9525:18)
      at TypeScriptParserMixin.parseStatementLike (/Users/agoxq/Documents/Project/PythonProject/StockStrategyAnalyseTools/frontend/node_modules/@babel/parser/lib/index.js:12784:17)
      at TypeScriptParserMixin.parseStatementListItem (/Users/agoxq/Documents/Project/PythonProject/StockStrategyAnalyseTools/frontend/node_modules/@babel/parser/lib/index.js:12764:17)
      at TypeScriptParserMixin.parseBlockOrModuleBlockBody (/Users/agoxq/Documents/Project/PythonProject/StockStrategyAnalyseTools/frontend/node_modules/@babel/parser/lib/index.js:13333:61)
      at TypeScriptParserMixin.parseBlockBody (/Users/agoxq/Documents/Project/PythonProject/StockStrategyAnalyseTools/frontend/node_modules/@babel/parser/lib/index.js:13326:10)
      at TypeScriptParserMixin.parseBlock (/Users/agoxq/Documents/Project/PythonProject/StockStrategyAnalyseTools/frontend/node_modules/@babel/parser/lib/index.js:13314:10)
      at TypeScriptParserMixin.parseStatementContent (/Users/agoxq/Documents/Project/PythonProject/StockStrategyAnalyseTools/frontend/node_modules/@babel/parser/lib/index.js:12875:21)
      at TypeScriptParserMixin.parseStatementContent (/Users/agoxq/Documents/Project/PythonProject/StockStrategyAnalyseTools/frontend/node_modules/@babel/parser/lib/index.js:9525:18)
      at TypeScriptParserMixin.parseStatementLike (/Users/agoxq/Documents/Project/PythonProject/StockStrategyAnalyseTools/frontend/node_modules/@babel/parser/lib/index.js:12784:17)
      at TypeScriptParserMixin.parseStatementOrSloppyAnnexBFunctionDeclaration (/Users/agoxq/Documents/Project/PythonProject/StockStrategyAnalyseTools/frontend/node_modules/@babel/parser/lib/index.js:12774:17)
      at TypeScriptParserMixin.parseIfStatement (/Users/agoxq/Documents/Project/PythonProject/StockStrategyAnalyseTools/frontend/node_modules/@babel/parser/lib/index.js:13147:28)
      at TypeScriptParserMixin.parseStatementContent (/Users/agoxq/Documents/Project/PythonProject/StockStrategyAnalyseTools/frontend/node_modules/@babel/parser/lib/index.js:12813:21)
      at TypeScriptParserMixin.parseStatementContent (/Users/agoxq/Documents/Project/PythonProject/StockStrategyAnalyseTools/frontend/node_modules/@babel/parser/lib/index.js:9525:18)
      at TypeScriptParserMixin.parseStatementLike (/Users/agoxq/Documents/Project/PythonProject/StockStrategyAnalyseTools/frontend/node_modules/@babel/parser/lib/index.js:12784:17)
      at TypeScriptParserMixin.parseModuleItem (/Users/agoxq/Documents/Project/PythonProject/StockStrategyAnalyseTools/frontend/node_modules/@babel/parser/lib/index.js:12761:17)
      at TypeScriptParserMixin.parseBlockOrModuleBlockBody (/Users/agoxq/Documents/Project/PythonProject/StockStrategyAnalyseTools/frontend/node_modules/@babel/parser/lib/index.js:13333:36)
      at TypeScriptParserMixin.parseBlockBody (/Users/agoxq/Documents/Project/PythonProject/StockStrategyAnalyseTools/frontend/node_modules/@babel/parser/lib/index.js:13326:10)
      at TypeScriptParserMixin.parseProgram (/Users/agoxq/Documents/Project/PythonProject/StockStrategyAnalyseTools/frontend/node_modules/@babel/parser/lib/index.js:12639:10)
      at TypeScriptParserMixin.parseTopLevel (/Users/agoxq/Documents/Project/PythonProject/StockStrategyAnalyseTools/frontend/node_modules/@babel/parser/lib/index.js:12629:25)
      at TypeScriptParserMixin.parse (/Users/agoxq/Documents/Project/PythonProject/StockStrategyAnalyseTools/frontend/node_modules/@babel/parser/lib/index.js:14505:25)
      at TypeScriptParserMixin.parse (/Users/agoxq/Documents/Project/PythonProject/StockStrategyAnalyseTools/frontend/node_modules/@babel/parser/lib/index.js:10143:18)
      at parse (/Users/agoxq/Documents/Project/PythonProject/StockStrategyAnalyseTools/frontend/node_modules/@babel/parser/lib/index.js:14539:38)
      at parser (/Users/agoxq/Documents/Project/PythonProject/StockStrategyAnalyseTools/frontend/node_modules/@babel/core/lib/parser/index.js:41:34)
      at parser.next (<anonymous>)
      at normalizeFile (/Users/agoxq/Documents/Project/PythonProject/StockStrategyAnalyseTools/frontend/node_modules/@babel/core/lib/transformation/normalize-file.js:64:37)
      at normalizeFile.next (<anonymous>)
      at run (/Users/agoxq/Documents/Project/PythonProject/StockStrategyAnalyseTools/frontend/node_modules/@babel/core/lib/transformation/index.js:22:50)
      at run.next (<anonymous>)
      at transform (/Users/agoxq/Documents/Project/PythonProject/StockStrategyAnalyseTools/frontend/node_modules/@babel/core/lib/transform.js:22:33)
      at transform.next (<anonymous>)
      at step (/Users/agoxq/Documents/Project/PythonProject/StockStrategyAnalyseTools/frontend/node_modules/gensync/index.js:261:32)
      at /Users/agoxq/Documents/Project/PythonProject/StockStrategyAnalyseTools/frontend/node_modules/gensync/index.js:273:13
      at async.call.result.err.err (/Users/agoxq/Documents/Project/PythonProject/StockStrategyAnalyseTools/frontend/node_modules/gensync/index.js:223:11)
      at /Users/agoxq/Documents/Project/PythonProject/StockStrategyAnalyseTools/frontend/node_modules/gensync/index.js:189:28
      at /Users/agoxq/Documents/Project/PythonProject/StockStrategyAnalyseTools/frontend/node_modules/@babel/core/lib/gensync-utils/async.js:67:7
      at /Users/agoxq/Documents/Project/PythonProject/StockStrategyAnalyseTools/frontend/node_modules/gensync/index.js:113:33
      at step (/Users/agoxq/Documents/Project/PythonProject/StockStrategyAnalyseTools/frontend/node_modules/gensync/index.js:287:14)
      at /Users/agoxq/Documents/Project/PythonProject/StockStrategyAnalyseTools/frontend/node_modules/gensync/index.js:273:13
      at async.call.result.err.err (/Users/agoxq/Documents/Project/PythonProject/StockStrategyAnalyseTools/frontend/node_modules/gensync/index.js:223:11)
8:48:15 PM [vite] (client) hmr update /src/App.tsx
8:48:49 PM [vite] (client) hmr update /src/App.tsx
8:55:15 PM [vite] (client) hmr update /src/App.tsx
8:55:25 PM [vite] (client) hmr update /src/App.tsx
8:55:41 PM [vite] (client) hmr update /src/App.tsx
8:56:36 PM [vite] (client) hmr update /src/App.tsx
8:56:49 PM [vite] (client) hmr update /src/App.tsx
